// Jest Snapshot v1, https://goo.gl/fbAQLP

exports[`PrivateRoute snapshot test PrivateRoute should render private route component 1`] = `null`;
