// Jest Snapshot v1, https://goo.gl/fbAQLP

exports[`Loader snapshot test Loader should render loader 1`] = `
<div
  className="sc-AxjAm snkQt"
/>
`;
