// Jest Snapshot v1, https://goo.gl/fbAQLP

exports[`Reviews snapshot test Reviews should render movie details 1`] = `
<div
  className="movie-card__reviews movie-card__row"
>
  <p
    style={
      Object {
        "color": "#0c0101",
      }
    }
  >
    No reviews yet...
  </p>
</div>
`;
