// Jest Snapshot v1, https://goo.gl/fbAQLP

exports[`App snapshot test App should render app component 1`] = `
Array [
  <div
    className="visually-hidden"
  >
    <video
      controls={true}
      height="175"
      width="280"
    >
      <source
        src="videoLink"
        type="video/mp4"
      />
    </video>
  </div>,
  <section
    className="movie-card"
  >
    <div
      className="movie-card__bg"
      style={
        Object {
          "backgroundColor": "backgroundColor",
        }
      }
    >
      <img
        alt="name"
        src="backgroundImage"
      />
    </div>
    <h1
      className="visually-hidden"
    >
      WTW
    </h1>
    <header
      className="page-header movie-card__head"
    >
      <div
        className="logo"
      >
        <a
          className="logo__link undefined"
          href="/"
          onClick={[Function]}
        >
          <span
            className="logo__letter logo__letter--1"
          >
            W
          </span>
          <span
            className="logo__letter logo__letter--2"
          >
            T
          </span>
          <span
            className="logo__letter logo__letter--3"
          >
            W
          </span>
        </a>
      </div>
      <div
        className="user-block"
      >
        <div
          className="user-block__avatar"
        >
          <a
            href="/mylist"
            onClick={[Function]}
          >
            <img
              alt="name avatar"
              height="63"
              src="https://4.react.pages.academyavatarUrl"
              width="63"
            />
          </a>
        </div>
      </div>
    </header>
    <div
      className="movie-card__wrap"
    >
      <div
        className="movie-card__info"
      >
        <div
          className="movie-card__poster"
        >
          <img
            alt="name"
            height="327"
            src="posterImage"
            width="218"
          />
        </div>
        <div
          className="movie-card__desc"
        >
          <h2
            className="movie-card__title"
          >
            name
          </h2>
          <p
            className="movie-card__meta"
          >
            <span
              className="movie-card__genre"
            >
              genre
            </span>
            <span
              className="movie-card__year"
            >
              2002
            </span>
          </p>
          <div
            className="movie-card__buttons"
          >
            <button
              className="btn--play btn movie-card__button"
              onClick={[Function]}
              type="button"
            >
              <svg
                height="19"
                viewBox="0 0 19 19"
                width="19"
              >
                <use
                  xlinkHref="#play-s"
                />
              </svg>
              <span>
                Play
              </span>
            </button>
            <button
              className="btn--list btn movie-card__button"
              onClick={[Function]}
              type="button"
            >
              <svg
                height="20"
                viewBox="0 0 19 20"
                width="19"
              >
                <use
                  xlinkHref="#add"
                />
              </svg>
              <span>
                My list
              </span>
            </button>
          </div>
        </div>
      </div>
    </div>
  </section>,
  <div
    className="page-content"
  >
    <section
      className="catalog"
    >
      <h2
        className="catalog__title visually-hidden"
      >
        Catalog
      </h2>
      <ul
        className="catalog__genres-list"
      />
      <div
        className="catalog__movies-list"
      >
         
      </div>
      <div
        className="catalog__more"
      />
    </section>
    <footer
      className="page-footer"
    >
      <div
        className="logo"
      >
        <a
          className="logo__link logo__link--light"
          href="/"
          onClick={[Function]}
        >
          <span
            className="logo__letter logo__letter--1"
          >
            W
          </span>
          <span
            className="logo__letter logo__letter--2"
          >
            T
          </span>
          <span
            className="logo__letter logo__letter--3"
          >
            W
          </span>
        </a>
      </div>
      <div
        className="copyright"
      >
        <p>
          Â© 2019 What to watch Ltd.
        </p>
      </div>
    </footer>
  </div>,
]
`;
